MPLINK 4.39, Linker
Linker Map File - Created Thu Nov 09 10:41:07 2017

                                 Section Info
                  Section       Type    Address   Location Size(Bytes)
                ---------  ---------  ---------  ---------  ---------
                   .org_0       code   0x000000    program   0x000036



                              Program Memory Usage 
                               Start         End      
                           ---------   ---------      
                            0x000000    0x00001a      
            27 out of 1093 program addresses used, program memory utilization is 2%



                              Symbols - Sorted by Name
                     Name    Address   Location    Storage File                     
                ---------  ---------  ---------  --------- ---------                
                 LOOP_PWM   0x000006    program     static D:\Documents\Facultate\Anul IV\Microcontrollere\LAB7\in_laborator\proiect_lab\pwm.asm
                delay_1ms   0x000014    program     static D:\Documents\Facultate\Anul IV\Microcontrollere\LAB7\in_laborator\proiect_lab\pwm.asm
                   loop_j   0x000016    program     static D:\Documents\Facultate\Anul IV\Microcontrollere\LAB7\in_laborator\proiect_lab\pwm.asm
                     main   0x000000    program     static D:\Documents\Facultate\Anul IV\Microcontrollere\LAB7\in_laborator\proiect_lab\pwm.asm



                              Symbols - Sorted by Address
                     Name    Address   Location    Storage File                     
                ---------  ---------  ---------  --------- ---------                
                     main   0x000000    program     static D:\Documents\Facultate\Anul IV\Microcontrollere\LAB7\in_laborator\proiect_lab\pwm.asm
                 LOOP_PWM   0x000006    program     static D:\Documents\Facultate\Anul IV\Microcontrollere\LAB7\in_laborator\proiect_lab\pwm.asm
                delay_1ms   0x000014    program     static D:\Documents\Facultate\Anul IV\Microcontrollere\LAB7\in_laborator\proiect_lab\pwm.asm
                   loop_j   0x000016    program     static D:\Documents\Facultate\Anul IV\Microcontrollere\LAB7\in_laborator\proiect_lab\pwm.asm


