HI-TECH Software C Compiler 

Linker command line:

--edf=C:\Program Files (x86)\HI-TECH Software\PICC\9.81\dat\en_msgs.txt -cs \
  -h+tema_3_c.sym -z -Q16F84 -ol.obj -Mtema_3_c.map -E1 -ACONST=00h-0FFhx4 \
  -ACODE=00h-03FFh -ASTRCODE=00h-03FFh -AENTRY=00h-0FFhx4 \
  -ASTRING=00h-0FFhx4 -ABANK0=0Ch-04Dh -ARAM=0Ch-04Dh -AABS1=0Ch-04Fh \
  -ACOMMON=04Eh-04Fh -ASFR0=00h-0Bh -ASFR1=080h-0CDh \
  -preset_vec=00h,intentry,init,end_init -ppowerup=CODE -pfunctab=CODE \
  -ACONFIG=02007h-02007h -pconfig=CONFIG -DCONFIG=2 -AIDLOC=02000h-02003h \
  -pidloc=IDLOC -DIDLOC=2 -AEEDATA=00h-03Fh/02100h -peeprom_data=EEDATA \
  -DEEDATA=2 -DCODE=2 -DSTRCODE=2 -DSTRING=2 -DCONST=2 -DENTRY=2 -k \
  startup.obj tema_3_c.obj 

Object code version is 3.10

Machine type is 16F84



                Name                               Link     Load   Length Selector   Space Scale
startup.obj     end_init                              0        0        1        0       0
tema_3_c.obj    text137                             33D      33D       2B      67A       0
                text136                             3A9      3A9       57      752       0
                maintext                            368      368       41      6D0       0
                cstackBANK0                           C        C       1E        C       1
                cinit                               33B      33B        2      676       0

TOTAL           Name                               Link     Load   Length     Space
        CLASS   CONST          

        CLASS   CODE           
                end_init                              0        0        1         0
                text137                             33D      33D       2B         0
                text136                             3A9      3A9       57         0
                maintext                            368      368       41         0
                cinit                               33B      33B        2         0

        CLASS   STRCODE        

        CLASS   ENTRY          

        CLASS   STRING         

        CLASS   BANK0          
                cstackBANK0                           C        C       1E         1

        CLASS   RAM            

        CLASS   ABS1           
                abs_s1                               4E       4E        2         1

        CLASS   COMMON         

        CLASS   SFR0           

        CLASS   SFR1           

        CLASS   CONFIG         

        CLASS   IDLOC          

        CLASS   EEDATA         

        CLASS   BANK1          



SEGMENTS        Name                           Load    Length   Top    Selector   Space  Class     Delta

                reset_vec                      000000  000001  000001         0       0  CODE        2
                cstackBANK0                    00000C  00001E  00002A         C       1  BANK0       1
                cinit                          00033B  000002  00033D       676       0  CODE        2
                text137                        00033D  00002B  000368       67A       0  CODE        2
                maintext                       000368  000041  0003A9       6D0       0  CODE        2
                text136                        0003A9  000057  000400       752       0  CODE        2


UNUSED ADDRESS RANGES

        Name                Unused          Largest block    Delta
        BANK0            02A-04D            24           1
        CODE             001-33A           33A           2
        CONFIG           2007-2007             1           2
        CONST            001-33A           100           2
        EEDATA           2100-213F            40           2
        ENTRY            001-33A           100           2
        IDLOC            2000-2003             4           2
        RAM              02A-04D            24           1
        SFR0             000-00B             C           1
        SFR1             080-0CD            4E           1
        STRCODE          001-33A           33A           2
        STRING           001-33A           100           2

                                  Symbol Table

??___wmul             cstackCOMMON 000  ??_calc_Y             cstackBANK0  015
??_main               cstackBANK0  022  ?___wmul              cstackBANK0  00C
?_calc_Y              cstackBANK0  012  ?_main                cstackBANK0  00C
__Habs1               abs1         000  __Hbank0              bank0        000
__Hbank1              bank1        000  __Hcinit              cinit        000
__Hclrtext            clrtext      000  __Hcode               code         000
__Hcommon             common       000  __Hconfig             config       000
__HcstackBANK0        cstackBANK0  000  __HcstackCOMMON       cstackCOMMON 000
__Heeprom_data        eeprom_data  000  __Hend_init           end_init     001
__Hfunctab            functab      000  __Hidloc              idloc        000
__Hinit               init         000  __Hintentry           intentry     000
__Hmaintext           maintext     000  __Hpowerup            powerup      000
__Hram                ram          000  __Hreset_vec          reset_vec    000
__Hsfr0               sfr0         000  __Hsfr1               sfr1         000
__Hstrings            strings      000  __Htext               text         000
__Labs1               abs1         000  __Lbank0              bank0        000
__Lbank1              bank1        000  __Lcinit              cinit        000
__Lclrtext            clrtext      000  __Lcode               code         000
__Lcommon             common       000  __Lconfig             config       000
__LcstackBANK0        cstackBANK0  000  __LcstackCOMMON       cstackCOMMON 000
__Leeprom_data        eeprom_data  000  __Lend_init           end_init     000
__Lfunctab            functab      000  __Lidloc              idloc        000
__Linit               init         000  __Lintentry           intentry     000
__Lmaintext           maintext     000  __Lpowerup            powerup      000
__Lram                ram          000  __Lreset_vec          reset_vec    000
__Lsfr0               sfr0         000  __Lsfr1               sfr1         000
__Lstrings            strings      000  __Ltext               text         000
__S0                  (abs)        400  __S1                  (abs)        02A
__S2                  (abs)        000  ___wmul               text137      33D
___wmul@multiplicand  cstackBANK0  00E  ___wmul@multiplier    cstackBANK0  00C
___wmul@product       cstackBANK0  010  __end_of___wmul       text137      368
__end_of_calc_Y       text136      400  __end_of_main         maintext     3A9
__pcstackBANK0        cstackBANK0  00C  __pcstackCOMMON       cstackCOMMON 000
__pmaintext           maintext     368  __ptext135            text135      000
__ptext136            text136      3A9  __ptext137            text137      33D
__ptext138            text138      000  __size_of___wmul      (abs)        000
__size_of_calc_Y      (abs)        000  __size_of_main        (abs)        000
_calc_Y               text136      3A9  _exit                 init         000
_main                 maintext     368  btemp                 (abs)        04E
calc_Y@_y             cstackBANK0  013  calc_Y@coef_0         cstackBANK0  01F
calc_Y@coef_1         cstackBANK0  012  calc_Y@result         cstackBANK0  020
end_of_initialization cinit        33B  intlevel0             functab      000
intlevel1             functab      000  intlevel2             functab      000
intlevel3             functab      000  intlevel4             functab      000
intlevel5             functab      000  main@i                cstackBANK0  029
main@x0               cstackBANK0  027  main@x1               cstackBANK0  028
main@y0               cstackBANK0  023  main@y1               cstackBANK0  025
reset_vec             reset_vec    000  start                 init         000
start_initialization  cinit        33B  wtemp0                (abs)        04E
