MPLINK 4.39, Linker
Linker Map File - Created Thu Nov 16 11:21:04 2017

                                 Section Info
                  Section       Type    Address   Location Size(Bytes)
                ---------  ---------  ---------  ---------  ---------
                   .org_0       code   0x000000    program   0x000076



                              Program Memory Usage 
                               Start         End      
                           ---------   ---------      
                            0x000000    0x00003a      
            59 out of 8455 program addresses used, program memory utilization is 0%



                              Symbols - Sorted by Name
                     Name    Address   Location    Storage File                     
                ---------  ---------  ---------  --------- ---------                
             change_to_10   0x000027    program     static D:\Documents\Facultate\Anul IV\Microcontrollere\LAB8\in_laborator\proiect_lab\main.asm
              change_to_5   0x00002c    program     static D:\Documents\Facultate\Anul IV\Microcontrollere\LAB8\in_laborator\proiect_lab\main.asm
              delay_100ms   0x000031    program     static D:\Documents\Facultate\Anul IV\Microcontrollere\LAB8\in_laborator\proiect_lab\main.asm
                   loop_i   0x000035    program     static D:\Documents\Facultate\Anul IV\Microcontrollere\LAB8\in_laborator\proiect_lab\main.asm
                   loop_j   0x000033    program     static D:\Documents\Facultate\Anul IV\Microcontrollere\LAB8\in_laborator\proiect_lab\main.asm
                     main   0x000000    program     static D:\Documents\Facultate\Anul IV\Microcontrollere\LAB8\in_laborator\proiect_lab\main.asm
              semnal_10HZ   0x00000f    program     static D:\Documents\Facultate\Anul IV\Microcontrollere\LAB8\in_laborator\proiect_lab\main.asm
               semnal_5HZ   0x000018    program     static D:\Documents\Facultate\Anul IV\Microcontrollere\LAB8\in_laborator\proiect_lab\main.asm



                              Symbols - Sorted by Address
                     Name    Address   Location    Storage File                     
                ---------  ---------  ---------  --------- ---------                
                     main   0x000000    program     static D:\Documents\Facultate\Anul IV\Microcontrollere\LAB8\in_laborator\proiect_lab\main.asm
              semnal_10HZ   0x00000f    program     static D:\Documents\Facultate\Anul IV\Microcontrollere\LAB8\in_laborator\proiect_lab\main.asm
               semnal_5HZ   0x000018    program     static D:\Documents\Facultate\Anul IV\Microcontrollere\LAB8\in_laborator\proiect_lab\main.asm
             change_to_10   0x000027    program     static D:\Documents\Facultate\Anul IV\Microcontrollere\LAB8\in_laborator\proiect_lab\main.asm
              change_to_5   0x00002c    program     static D:\Documents\Facultate\Anul IV\Microcontrollere\LAB8\in_laborator\proiect_lab\main.asm
              delay_100ms   0x000031    program     static D:\Documents\Facultate\Anul IV\Microcontrollere\LAB8\in_laborator\proiect_lab\main.asm
                   loop_j   0x000033    program     static D:\Documents\Facultate\Anul IV\Microcontrollere\LAB8\in_laborator\proiect_lab\main.asm
                   loop_i   0x000035    program     static D:\Documents\Facultate\Anul IV\Microcontrollere\LAB8\in_laborator\proiect_lab\main.asm


