MPLINK 4.39, Linker
Linker Map File - Created Wed Oct 25 16:15:48 2017

                                 Section Info
                  Section       Type    Address   Location Size(Bytes)
                ---------  ---------  ---------  ---------  ---------
                   .org_0       code   0x000000    program   0x0000ee



                              Program Memory Usage 
                               Start         End      
                           ---------   ---------      
                            0x000000    0x000076      
            119 out of 1093 program addresses used, program memory utilization is 10%



                              Symbols - Sorted by Name
                     Name    Address   Location    Storage File                     
                ---------  ---------  ---------  --------- ---------                
                  CALC_T1   0x000027    program     static D:\Home\Embedded\AVR\MicrocontrollereETTI\LAB4\tema\asm\filtru.asm
                  CALC_T2   0x000039    program     static D:\Home\Embedded\AVR\MicrocontrollereETTI\LAB4\tema\asm\filtru.asm
                  CALC_T3   0x000055    program     static D:\Home\Embedded\AVR\MicrocontrollereETTI\LAB4\tema\asm\filtru.asm
                   CALC_Y   0x00001f    program     static D:\Home\Embedded\AVR\MicrocontrollereETTI\LAB4\tema\asm\filtru.asm
                     END_   0x000076    program     static D:\Home\Embedded\AVR\MicrocontrollereETTI\LAB4\tema\asm\filtru.asm
                ITER_LOOP   0x000015    program     static D:\Home\Embedded\AVR\MicrocontrollereETTI\LAB4\tema\asm\filtru.asm
                    SHIFT   0x00006f    program     static D:\Home\Embedded\AVR\MicrocontrollereETTI\LAB4\tema\asm\filtru.asm
                     main   0x000000    program     static D:\Home\Embedded\AVR\MicrocontrollereETTI\LAB4\tema\asm\filtru.asm



                              Symbols - Sorted by Address
                     Name    Address   Location    Storage File                     
                ---------  ---------  ---------  --------- ---------                
                     main   0x000000    program     static D:\Home\Embedded\AVR\MicrocontrollereETTI\LAB4\tema\asm\filtru.asm
                ITER_LOOP   0x000015    program     static D:\Home\Embedded\AVR\MicrocontrollereETTI\LAB4\tema\asm\filtru.asm
                   CALC_Y   0x00001f    program     static D:\Home\Embedded\AVR\MicrocontrollereETTI\LAB4\tema\asm\filtru.asm
                  CALC_T1   0x000027    program     static D:\Home\Embedded\AVR\MicrocontrollereETTI\LAB4\tema\asm\filtru.asm
                  CALC_T2   0x000039    program     static D:\Home\Embedded\AVR\MicrocontrollereETTI\LAB4\tema\asm\filtru.asm
                  CALC_T3   0x000055    program     static D:\Home\Embedded\AVR\MicrocontrollereETTI\LAB4\tema\asm\filtru.asm
                    SHIFT   0x00006f    program     static D:\Home\Embedded\AVR\MicrocontrollereETTI\LAB4\tema\asm\filtru.asm
                     END_   0x000076    program     static D:\Home\Embedded\AVR\MicrocontrollereETTI\LAB4\tema\asm\filtru.asm


