MPASM  5.41                        FILTRU.ASM   10-25-2017  15:56:11         PAGE  1


LOC  OBJECT CODE     LINE SOURCE TEXT
  VALUE

                      00001 #include p16f84.inc
                      00001         LIST
                      00002 
                      00003 ;==========================================================================
                      00004 ;  MPASM PIC16F84 processor include
                      00005 ; 
                      00006 ;  (c) Copyright 1999-2011 Microchip Technology, All rights reserved
                      00007 ;==========================================================================
                      00008 
                      00199         LIST
                      00002 
                      00003 ; Enunt: sa se scrie un program ASM in care sa se implementeze filtrul recurent
                      00004 ; definit de relatia: Yn = 1.2 * X0 - 0.9 * X1 - 0.7 Yn-1.
                      00005 
                      00006 ;       Pentru a nu folosi variabile in format cu virgula mobila, se inmultesc valorile 
                      00007 ; valorile constante cu un factor putere a lui 2. Factorul este putere a lui 2 pentru
                      00008 ; a se folosi instructiuni de shiftare in locul celor de impartire.
                      00009 
                      00010 ; 1.2 * 32 = 38.4 ==> 38
                      00011 ; 0.9 * 32 = 28.8 ==> 29                      S-a ales factorul 32 = 2 ^ 5
                      00012 ; 0.7 * 32 = 22.4 ==> 22
                      00013 
                      00014 ; ScorpionIPX
                      00015 
                      00016 #define FACTOR D'32'
                      00017 #define FACTOR_POW D'5'
                      00018 
                      00019 #define CONSTANT_0 D'38'
                      00020 #define CONSTANT_1 D'29'
                      00021 #define CONSTANT_2 D'22'
                      00022 
                      00023 #define INIT_Y_L D'3'
                      00024 #define INIT_Y_H D'0'
                      00025 #define NUM_ITERATION D'5' 
                      00026 
                      00027 ;assign memory for variables
  00000020            00028 x0 equ 0x20
  00000021            00029 x1 equ 0x21
                      00030 
  00000022            00031 y0_L equ 0x22
  00000023            00032 y0_H equ 0x23
                      00033 
  00000024            00034 y1_L equ 0x24
  00000025            00035 y1_H equ 0x25
                      00036 
  00000026            00037 i equ 0x26
                      00038 
  00000027            00039 aux_L equ 0x27
  00000028            00040 aux_H equ 0x28
                      00041 
  00000029            00042 j equ 0x29
                      00043 
                      00044 
MPASM  5.41                        FILTRU.ASM   10-25-2017  15:56:11         PAGE  2


LOC  OBJECT CODE     LINE SOURCE TEXT
  VALUE

0000                  00045 main:
                      00046         ; assign values to variables
                      00047 
0000   300F           00048         MOVLW D'15'; W <- 15
0001   00A0           00049         MOVWF x0; x0 <- 15
                      00050 
0002   3007           00051         MOVLW D'7'; W <- 7
0003   00A1           00052         MOVWF x1; x1 <- 7
                      00053 
0004   3003           00054         MOVLW INIT_Y_L; W <- INIT_Y_L
0005   00A2           00055         MOVWF y0_L; y0_H <- INIT_Y_L
                      00056 
0006   3000           00057         MOVLW INIT_Y_H; W <- INIT_Y_H
0007   00A3           00058         MOVWF y0_H; y0_H <- INIT_Y_H
                      00059 
                      00060         
0008   3000           00061         MOVLW D'0'; W <- 0
0009   00A4           00062         MOVWF y1_L; y1_L <- 0
000A   00A5           00063         MOVWF y1_H; y1_H <- 0
000B   00A7           00064         MOVWF aux_L; aux_L <- 0
000C   00A8           00065         MOVWF aux_H; aux_H <- 0
                      00066 
000D   0000           00067         NOP
                      00068 
000E   3005           00069         MOVLW NUM_ITERATION; W<- NUM_ITERATION
000F   00A9           00070         MOVWF j; j <- W
                      00071 
0010   0000           00072         NOP
                      00073 
0011   08A9           00074         MOVF j, 1;
0012   0000           00075         NOP
0013   1D29           00076         BTFSS j, Z; skip if i is non zero
0014   286A           00077         GOTO END_
                      00078 
Warning[207]: Found label after column 1. (ITER_LOOP)
0015                  00079         ITER_LOOP:
                      00080 
0015   0000           00081                 NOP
                      00082 
0016   201B           00083                 CALL CALC_Y
                      00084 
0017   0000           00085                 NOP
                      00086 
Message[305]: Using default destination of 1 (file).
0018   0BA9           00087                 DECFSZ j; if i is zero, skip
0019   2815           00088                 GOTO ITER_LOOP
                      00089 
001A   286A           00090                 GOTO END_
                      00091 
                      00092         
Warning[207]: Found label after column 1. (CALC_Y)
001B                  00093         CALC_Y:
001B   3000           00094                 MOVLW D'0'; W <- 0
MPASM  5.41                        FILTRU.ASM   10-25-2017  15:56:11         PAGE  3


LOC  OBJECT CODE     LINE SOURCE TEXT
  VALUE

001C   00A7           00095                 MOVWF aux_L; aux_L <- 0
001D   00A8           00096                 MOVWF aux_H; aux_H <- 0
                      00097 
001E   3026           00098                 MOVLW CONSTANT_0; W <- CONSTANT_0
001F   0000           00099                 NOP
0020   00A6           00100                 MOVWF i; i <- W
                      00101 
0021   3000           00102                 MOVLW D'0'; W <- 0
                      00103 
0022   0000           00104                 NOP
                      00105 
Warning[207]: Found label after column 1. (CALC_T1)
0023                  00106                 CALC_T1:
0023   0720           00107                         ADDWF x0, 0; W <_ W + x0
0024   1803           00108                         BTFSC STATUS, C; if overflow, increase auh_H
0025   0AA8           00109                         INCF aux_H, 1;
0026   00A7           00110                         MOVWF aux_L; aux_L = W
                      00111 
0027   0000           00112                         NOP
                      00113         
Message[305]: Using default destination of 1 (file).
0028   0BA6           00114                         DECFSZ i
0029   2823           00115                         GOTO CALC_T1
002A   0827           00116                         MOVFW aux_L; W = aux_L
002B   00A4           00117                         MOVWF y1_L; y1_L <- W
002C   0828           00118                         MOVFW aux_H; W = aux_H
002D   00A5           00119                         MOVWF y1_H; y1_H <- W
                      00120         
002E   301D           00121                         MOVLW CONSTANT_1; W <- CONSTANT_1
002F   0000           00122                         NOP
0030   00A6           00123                         MOVWF i; i <- W
                      00124         
0031   3000           00125                         MOVLW D'0'; W <- 0
0032   00A7           00126                         MOVWF aux_L; aux_L <- 0
0033   00A8           00127                         MOVWF aux_H; aux_H <- 0
                      00128         
0034   0000           00129                         NOP
                      00130 
Warning[207]: Found label after column 1. (CALC_T2)
0035                  00131                 CALC_T2:
0035   0000           00132                         NOP
0036   0721           00133                         ADDWF x1, 0; W <_ W + x1
0037   1803           00134                         BTFSC STATUS, C; if overflow, increase auh_H
0038   0AA8           00135                         INCF aux_H, 1;
                      00136 
0039   00A7           00137                         MOVWF aux_L; aux_L = W
                      00138                         
003A   0000           00139                         NOP
                      00140         
Message[305]: Using default destination of 1 (file).
003B   0BA6           00141                         DECFSZ i
003C   2835           00142                         GOTO CALC_T2
                      00143 
MPASM  5.41                        FILTRU.ASM   10-25-2017  15:56:11         PAGE  4


LOC  OBJECT CODE     LINE SOURCE TEXT
  VALUE

003D   0000           00144                         NOP
003E   09A8           00145                         COMF aux_H, 1; aux_H = ~aux_H
003F   09A7           00146                         COMF aux_L,1; aux_L = ~aux_L
0040   0AA8           00147                         INCF aux_H, 1; aux_H ++
0041   0AA7           00148                         INCF aux_L, 1; aux_L++
                      00149                 
0042   0000           00150                         NOP
                      00151 
0043   0828           00152                         MOVFW aux_H; W <- aux_H
0044   07A5           00153                         ADDWF y1_H, 1; y1_H += W
0045   0827           00154                         MOVFW aux_L; W <- aux_L
0046   07A4           00155                         ADDWF y1_L, 1; y1_L += W
                      00156                         
0047   1803           00157                         BTFSC STATUS, C; if overflow, decrease y1_H
0048   03A5           00158                         DECF y1_H, 1; y1_H -- 
0049   0000           00159                         NOP
                      00160         
004A   3016           00161                         MOVLW CONSTANT_2; W <- CONSTANT_2
004B   0000           00162                         NOP
004C   00A6           00163                         MOVWF i; i <- W
                      00164         
004D   3000           00165                         MOVLW D'0'; W <- 0
004E   00A7           00166                         MOVWF aux_L; aux_L <- 0
004F   00A8           00167                         MOVWF aux_H; aux_H <- 0
0050   0000           00168                         NOP
                      00169                         
Warning[207]: Found label after column 1. (CALC_T3)
0051                  00170                 CALC_T3:
0051   0000           00171                         NOP
0052   0827           00172                         MOVFW aux_L; W <- aux_L
0053   0722           00173                         ADDWF y0_L, 0; W <- W + y0_L
0054   1803           00174                         BTFSC STATUS, C; if overflow, increase auh_H
0055   0AA8           00175                         INCF aux_H, 1;
                      00176                         
0056   00A7           00177                         MOVWF aux_L; aux_L = W
0057   0828           00178                         MOVFW aux_H; W <- aux_H
0058   07A5           00179                         ADDWF y1_H, 1; y1_H += W
                      00180                         
Message[305]: Using default destination of 1 (file).
0059   0BA6           00181                         DECFSZ i
005A   2851           00182                         GOTO CALC_T3
                      00183 
005B   0000           00184                         NOP
005C   09A8           00185                         COMF aux_H, 1; aux_H = ~aux_H
005D   09A7           00186                         COMF aux_L,1; aux_L = ~aux_L
005E   0AA8           00187                         INCF aux_H, 1; aux_H ++
005F   0AA7           00188                         INCF aux_L, 1; aux_L++
                      00189                 
0060   0000           00190                         NOP
0061   0828           00191                         MOVFW aux_H; W <- aux_H
0062   07A5           00192                         ADDWF y1_H, 1; y1_H += W
0063   0000           00193                         NOP
0064   0827           00194                         MOVFW aux_L; W <- aux_L
MPASM  5.41                        FILTRU.ASM   10-25-2017  15:56:11         PAGE  5


LOC  OBJECT CODE     LINE SOURCE TEXT
  VALUE

0065   07A4           00195                         ADDWF y1_L, 1; y1_L += W
0066   1803           00196                         BTFSC STATUS, C; if overflow, decrease y1_H
0067   03A5           00197                         DECF y1_H, 1; y1_H -- 
0068   0000           00198                         NOP
                      00199                         
                      00200                         
                      00201 
0069   0008           00202                 RETURN
                      00203         
                      00204 
Warning[207]: Found label after column 1. (END_)
006A                  00205         END_:
006A   0000           00206                 NOP
                      00207         end
MPASM  5.41                        FILTRU.ASM   10-25-2017  15:56:11         PAGE  6


SYMBOL TABLE
  LABEL                             VALUE 

C                                 00000000
CALC_T1                           00000023
CALC_T2                           00000035
CALC_T3                           00000051
CALC_Y                            0000001B
CONSTANT_0                        D'38'
CONSTANT_1                        D'29'
CONSTANT_2                        D'22'
DC                                00000001
EEADR                             00000009
EECON1                            00000088
EECON2                            00000089
EEDATA                            00000008
EEIE                              00000006
EEIF                              00000004
END_                              0000006A
F                                 00000001
FACTOR                            D'32'
FACTOR_POW                        D'5'
FSR                               00000004
GIE                               00000007
INDF                              00000000
INIT_Y_H                          D'0'
INIT_Y_L                          D'3'
INTCON                            0000000B
INTE                              00000004
INTEDG                            00000006
INTF                              00000001
IRP                               00000007
ITER_LOOP                         00000015
NOT_PD                            00000003
NOT_RBPU                          00000007
NOT_TO                            00000004
NUM_ITERATION                     D'5'
OPTION_REG                        00000081
PCL                               00000002
PCLATH                            0000000A
PORTA                             00000005
PORTB                             00000006
PS0                               00000000
PS1                               00000001
PS2                               00000002
PSA                               00000003
RA0                               00000000
RA1                               00000001
RA2                               00000002
RA3                               00000003
RA4                               00000004
RB0                               00000000
RB1                               00000001
RB2                               00000002
RB3                               00000003
RB4                               00000004
MPASM  5.41                        FILTRU.ASM   10-25-2017  15:56:11         PAGE  7


SYMBOL TABLE
  LABEL                             VALUE 

RB5                               00000005
RB6                               00000006
RB7                               00000007
RBIE                              00000003
RBIF                              00000000
RD                                00000000
RP0                               00000005
RP1                               00000006
STATUS                            00000003
T0CS                              00000005
T0IE                              00000005
T0IF                              00000002
T0SE                              00000004
TMR0                              00000001
TMR0IE                            00000005
TMR0IF                            00000002
TRISA                             00000085
TRISA0                            00000000
TRISA1                            00000001
TRISA2                            00000002
TRISA3                            00000003
TRISA4                            00000004
TRISB                             00000086
TRISB0                            00000000
TRISB1                            00000001
TRISB2                            00000002
TRISB3                            00000003
TRISB4                            00000004
TRISB5                            00000005
TRISB6                            00000006
TRISB7                            00000007
W                                 00000000
WR                                00000001
WREN                              00000002
WRERR                             00000003
Z                                 00000002
_CONFIG                           00002007
_CP_OFF                           00003FFF
_CP_ON                            0000000F
_HS_OSC                           00003FFE
_IDLOC0                           00002000
_IDLOC1                           00002001
_IDLOC2                           00002002
_IDLOC3                           00002003
_LP_OSC                           00003FFC
_PWRTE_OFF                        00003FFF
_PWRTE_ON                         00003FF7
_RC_OSC                           00003FFF
_WDT_OFF                          00003FFB
_WDT_ON                           00003FFF
_XT_OSC                           00003FFD
__16F84                           00000001
__DEBUG                           1
MPASM  5.41                        FILTRU.ASM   10-25-2017  15:56:11         PAGE  8


SYMBOL TABLE
  LABEL                             VALUE 

aux_H                             00000028
aux_L                             00000027
i                                 00000026
j                                 00000029
main                              00000000
x0                                00000020
x1                                00000021
y0_H                              00000023
y0_L                              00000022
y1_H                              00000025
y1_L                              00000024


MEMORY USAGE MAP ('X' = Used,  '-' = Unused)

0000 : XXXXXXXXXXXXXXXX XXXXXXXXXXXXXXXX XXXXXXXXXXXXXXXX XXXXXXXXXXXXXXXX
0040 : XXXXXXXXXXXXXXXX XXXXXXXXXXXXXXXX XXXXXXXXXXX----- ----------------

All other memory blocks unused.

Program Memory Words Used:   107
Program Memory Words Free:   917


Errors   :     0
Warnings :     6 reported,     0 suppressed
Messages :     4 reported,     0 suppressed

