MPASM  5.41                        FILTRU.ASM   10-24-2017  12:51:39         PAGE  1


LOC  OBJECT CODE     LINE SOURCE TEXT
  VALUE

                      00001 #include p16f84.inc
                      00001         LIST
                      00002 
                      00003 ;==========================================================================
                      00004 ;  MPASM PIC16F84 processor include
                      00005 ; 
                      00006 ;  (c) Copyright 1999-2011 Microchip Technology, All rights reserved
                      00007 ;==========================================================================
                      00008 
                      00199         LIST
                      00002 
                      00003 ; Enunt: sa se scrie un program ASM in care sa se implementeze filtrul recurent
                      00004 ; definit de relatia: Yn = 1.2 * X0 - 0.9 * X1 - 0.7 Yn-1.
                      00005 ; ScorpionIPX
                      00006 
                      00007 ;assign memory for variables
  00000020            00008 n equ 0x20; last coef to be added
  00000021            00009 s equ 0x21; calculated sum
  00000022            00010 c equ 0x22; coef to be added
                      00011 
0000                  00012 main:
                      00013         ; assign values to variables
0000   3005           00014         MOVLW D'5'; W <- 9 - acumulator gets value 9
0001   00A0           00015         MOVWF n;n <- W, - x gets acumulator value
                      00016 
0002   3000           00017         MOVLW D'0'; W <- 0 - acumulator gets value 0
0003   00A1           00018         MOVWF s;s <- W - c gets acumulator value
                      00019 
                      00020         ;MOVLW D'0'; W <- 0 - acumulator gets value 0
0004   00A2           00021         MOVWF c;c <- W - c gets acumulator value
0005   0000           00022         NOP;
                      00023 
                      00024 
                      00025         ;if (n - c >= 0) => carry = 1
Message[305]: Using default destination of 1 (file).
0006   03A0           00026         DECF n; decrement n for easier implementation
Warning[207]: Found label after column 1. (calculate_sum)
0007                  00027         calculate_sum:
0007   0822           00028                 MOVF c, 0; load coef into acumulator
0008   0220           00029                 SUBWF n, 0; W = n - c
0009   1C03           00030                 BTFSS STATUS, C;check if carry; C = 0, position of carry flag bit
000A   2812           00031                 GOTO end_calculate_sum; if (n - c >= 0), sum is not calclated
Message[305]: Using default destination of 1 (file).
000B   0AA2           00032                 INCF c; increment coeficient
000C   0000           00033                 NOP;
000D   0822           00034                 MOVF c, 0; load coef into acumulator
000E   0000           00035                 NOP;
000F   07A1           00036                 ADDWF s, 1; add acumulator to sum's value
0010   2807           00037                 GOTO calculate_sum
0011   0000           00038                 NOP;
                      00039         
Warning[207]: Found label after column 1. (end_calculate_sum)
0012                  00040         end_calculate_sum:
MPASM  5.41                        FILTRU.ASM   10-24-2017  12:51:39         PAGE  2


LOC  OBJECT CODE     LINE SOURCE TEXT
  VALUE

0012   0000           00041                 NOP
                      00042         end
MPASM  5.41                        FILTRU.ASM   10-24-2017  12:51:39         PAGE  3


SYMBOL TABLE
  LABEL                             VALUE 

C                                 00000000
DC                                00000001
EEADR                             00000009
EECON1                            00000088
EECON2                            00000089
EEDATA                            00000008
EEIE                              00000006
EEIF                              00000004
F                                 00000001
FSR                               00000004
GIE                               00000007
INDF                              00000000
INTCON                            0000000B
INTE                              00000004
INTEDG                            00000006
INTF                              00000001
IRP                               00000007
NOT_PD                            00000003
NOT_RBPU                          00000007
NOT_TO                            00000004
OPTION_REG                        00000081
PCL                               00000002
PCLATH                            0000000A
PORTA                             00000005
PORTB                             00000006
PS0                               00000000
PS1                               00000001
PS2                               00000002
PSA                               00000003
RA0                               00000000
RA1                               00000001
RA2                               00000002
RA3                               00000003
RA4                               00000004
RB0                               00000000
RB1                               00000001
RB2                               00000002
RB3                               00000003
RB4                               00000004
RB5                               00000005
RB6                               00000006
RB7                               00000007
RBIE                              00000003
RBIF                              00000000
RD                                00000000
RP0                               00000005
RP1                               00000006
STATUS                            00000003
T0CS                              00000005
T0IE                              00000005
T0IF                              00000002
T0SE                              00000004
TMR0                              00000001
MPASM  5.41                        FILTRU.ASM   10-24-2017  12:51:39         PAGE  4


SYMBOL TABLE
  LABEL                             VALUE 

TMR0IE                            00000005
TMR0IF                            00000002
TRISA                             00000085
TRISA0                            00000000
TRISA1                            00000001
TRISA2                            00000002
TRISA3                            00000003
TRISA4                            00000004
TRISB                             00000086
TRISB0                            00000000
TRISB1                            00000001
TRISB2                            00000002
TRISB3                            00000003
TRISB4                            00000004
TRISB5                            00000005
TRISB6                            00000006
TRISB7                            00000007
W                                 00000000
WR                                00000001
WREN                              00000002
WRERR                             00000003
Z                                 00000002
_CONFIG                           00002007
_CP_OFF                           00003FFF
_CP_ON                            0000000F
_HS_OSC                           00003FFE
_IDLOC0                           00002000
_IDLOC1                           00002001
_IDLOC2                           00002002
_IDLOC3                           00002003
_LP_OSC                           00003FFC
_PWRTE_OFF                        00003FFF
_PWRTE_ON                         00003FF7
_RC_OSC                           00003FFF
_WDT_OFF                          00003FFB
_WDT_ON                           00003FFF
_XT_OSC                           00003FFD
__16F84                           00000001
__DEBUG                           1
c                                 00000022
calculate_sum                     00000007
end_calculate_sum                 00000012
main                              00000000
n                                 00000020
s                                 00000021
MPASM  5.41                        FILTRU.ASM   10-24-2017  12:51:39         PAGE  5


MEMORY USAGE MAP ('X' = Used,  '-' = Unused)


0000 : XXXXXXXXXXXXXXXX XXX------------- ---------------- ----------------

All other memory blocks unused.

Program Memory Words Used:    19
Program Memory Words Free:  1005


Errors   :     0
Warnings :     2 reported,     0 suppressed
Messages :     2 reported,     0 suppressed

