HI-TECH Software C Compiler 

Linker command line:

--edf=C:\Program Files (x86)\HI-TECH Software\PICC\9.81\dat\en_msgs.txt -cs \
  -h+filtru_digital_c.sym -z -Q16F84 -ol.obj -Mfiltru_digital_c.map -E1 \
  -ACONST=00h-0FFhx4 -ACODE=00h-03FFh -ASTRCODE=00h-03FFh \
  -AENTRY=00h-0FFhx4 -ASTRING=00h-0FFhx4 -ABANK0=0Ch-04Dh -ARAM=0Ch-04Dh \
  -AABS1=0Ch-04Fh -ACOMMON=04Eh-04Fh -ASFR0=00h-0Bh -ASFR1=080h-0CDh \
  -preset_vec=00h,intentry,init,end_init -ppowerup=CODE -pfunctab=CODE \
  -ACONFIG=02007h-02007h -pconfig=CONFIG -DCONFIG=2 -AIDLOC=02000h-02003h \
  -pidloc=IDLOC -DIDLOC=2 -AEEDATA=00h-03Fh/02100h -peeprom_data=EEDATA \
  -DEEDATA=2 -DCODE=2 -DSTRCODE=2 -DSTRING=2 -DCONST=2 -DENTRY=2 -k \
  startup.obj filtru_digital_c.obj 

Object code version is 3.10

Machine type is 16F84



                Name                               Link     Load   Length Selector   Space Scale
startup.obj     end_init                              0        0        1        0       0
filtru_digital_c.obj
                text102                             399      399       28      732       0
                cstackBANK0                           C        C        E        C       1
                cinit                               397      397        2      72E       0
                maintext                            3C1      3C1       3F      782       0

TOTAL           Name                               Link     Load   Length     Space
        CLASS   CONST          

        CLASS   CODE           
                end_init                              0        0        1         0
                text102                             399      399       28         0
                cinit                               397      397        2         0
                maintext                            3C1      3C1       3F         0

        CLASS   STRCODE        

        CLASS   ENTRY          

        CLASS   STRING         

        CLASS   BANK0          
                cstackBANK0                           C        C        E         1

        CLASS   RAM            

        CLASS   ABS1           
                abs_s1                               4E       4E        2         1

        CLASS   COMMON         

        CLASS   SFR0           

        CLASS   SFR1           

        CLASS   CONFIG         

        CLASS   IDLOC          

        CLASS   EEDATA         

        CLASS   BANK1          



SEGMENTS        Name                           Load    Length   Top    Selector   Space  Class     Delta

                reset_vec                      000000  000001  000001         0       0  CODE        2
                cstackBANK0                    00000C  00000E  00001A         C       1  BANK0       1
                cinit                          000397  000002  000399       72E       0  CODE        2
                text102                        000399  000028  0003C1       732       0  CODE        2
                maintext                       0003C1  00003F  000400       782       0  CODE        2


UNUSED ADDRESS RANGES

        Name                Unused          Largest block    Delta
        BANK0            01A-04D            34           1
        CODE             001-396           396           2
        CONFIG           2007-2007             1           2
        CONST            001-396           100           2
        EEDATA           2100-213F            40           2
        ENTRY            001-396           100           2
        IDLOC            2000-2003             4           2
        RAM              01A-04D            34           1
        SFR0             000-00B             C           1
        SFR1             080-0CD            4E           1
        STRCODE          001-396           396           2
        STRING           001-396           100           2

                                  Symbol Table

??_main               cstackBANK0 014  ??_produs             cstackBANK0 00E
?_main                cstackBANK0 00C  ?_produs              cstackBANK0 00C
__Habs1               abs1        000  __Hbank0              bank0       000
__Hbank1              bank1       000  __Hcinit              cinit       000
__Hclrtext            clrtext     000  __Hcode               code        000
__Hcommon             common      000  __Hconfig             config      000
__HcstackBANK0        cstackBANK0 000  __Heeprom_data        eeprom_data 000
__Hend_init           end_init    001  __Hfunctab            functab     000
__Hidloc              idloc       000  __Hinit               init        000
__Hintentry           intentry    000  __Hmaintext           maintext    000
__Hpowerup            powerup     000  __Hram                ram         000
__Hreset_vec          reset_vec   000  __Hsfr0               sfr0        000
__Hsfr1               sfr1        000  __Hstrings            strings     000
__Htext               text        000  __Labs1               abs1        000
__Lbank0              bank0       000  __Lbank1              bank1       000
__Lcinit              cinit       000  __Lclrtext            clrtext     000
__Lcode               code        000  __Lcommon             common      000
__Lconfig             config      000  __LcstackBANK0        cstackBANK0 000
__Leeprom_data        eeprom_data 000  __Lend_init           end_init    000
__Lfunctab            functab     000  __Lidloc              idloc       000
__Linit               init        000  __Lintentry           intentry    000
__Lmaintext           maintext    000  __Lpowerup            powerup     000
__Lram                ram         000  __Lreset_vec          reset_vec   000
__Lsfr0               sfr0        000  __Lsfr1               sfr1        000
__Lstrings            strings     000  __Ltext               text        000
__S0                  (abs)       400  __S1                  (abs)       01A
__S2                  (abs)       000  __end_of_main         maintext    400
__end_of_produs       text102     3C1  __pcstackBANK0        cstackBANK0 00C
__pmaintext           maintext    3C1  __ptext102            text102     399
__ptext103            text103     000  __size_of_main        (abs)       000
__size_of_produs      (abs)       000  _exit                 init        000
_main                 maintext    3C1  _produs               text102     399
btemp                 (abs)       04E  end_of_initialization cinit       397
intlevel0             functab     000  intlevel1             functab     000
intlevel2             functab     000  intlevel3             functab     000
intlevel4             functab     000  intlevel5             functab     000
main@x0               cstackBANK0 017  main@x1               cstackBANK0 018
main@x2               cstackBANK0 019  main@y                cstackBANK0 015
produs@Ra             cstackBANK0 010  produs@Rb             cstackBANK0 00C
produs@i              cstackBANK0 013  produs@prod           cstackBANK0 011
reset_vec             reset_vec   000  start                 init        000
start_initialization  cinit       397  wtemp0                (abs)       04E
