MPLINK 4.39, Linker
Linker Map File - Created Thu Oct 19 11:20:32 2017

                                 Section Info
                  Section       Type    Address   Location Size(Bytes)
                ---------  ---------  ---------  ---------  ---------
                   .org_0       code   0x000000    program   0x000000
                   .org_1       code   0x000000    program   0x000002
                   .org_2       code   0x000010    program   0x000066



                              Program Memory Usage 
                               Start         End      
                           ---------   ---------      
                            0x000000    0x000000      
                            0x000010    0x000042      
            52 out of 1093 program addresses used, program memory utilization is 4%



                              Symbols - Sorted by Name
                     Name    Address   Location    Storage File                     
                ---------  ---------  ---------  --------- ---------                
                     END_   0x000042    program     static D:\Documents\Facultate\Anul IV\Microcontrollere\LAB4\in_laborator\filtru_digital.asm
                     LOOP   0x00003a    program     static D:\Documents\Facultate\Anul IV\Microcontrollere\LAB4\in_laborator\filtru_digital.asm
                   PRODUS   0x000038    program     static D:\Documents\Facultate\Anul IV\Microcontrollere\LAB4\in_laborator\filtru_digital.asm
                     main   0x000010    program     static D:\Documents\Facultate\Anul IV\Microcontrollere\LAB4\in_laborator\filtru_digital.asm



                              Symbols - Sorted by Address
                     Name    Address   Location    Storage File                     
                ---------  ---------  ---------  --------- ---------                
                     main   0x000010    program     static D:\Documents\Facultate\Anul IV\Microcontrollere\LAB4\in_laborator\filtru_digital.asm
                   PRODUS   0x000038    program     static D:\Documents\Facultate\Anul IV\Microcontrollere\LAB4\in_laborator\filtru_digital.asm
                     LOOP   0x00003a    program     static D:\Documents\Facultate\Anul IV\Microcontrollere\LAB4\in_laborator\filtru_digital.asm
                     END_   0x000042    program     static D:\Documents\Facultate\Anul IV\Microcontrollere\LAB4\in_laborator\filtru_digital.asm


