MPLINK 4.39, Linker
Linker Map File - Created Wed Nov 15 22:43:13 2017

                                 Section Info
                  Section       Type    Address   Location Size(Bytes)
                ---------  ---------  ---------  ---------  ---------
                   .org_0       code   0x000000    program   0x00008e



                              Program Memory Usage 
                               Start         End      
                           ---------   ---------      
                            0x000000    0x000046      
            71 out of 1093 program addresses used, program memory utilization is 6%



                              Symbols - Sorted by Name
                     Name    Address   Location    Storage File                     
                ---------  ---------  ---------  --------- ---------                
              DELAY_200US   0x000032    program     static D:\Documents\Facultate\Anul IV\Microcontrollere\LAB7\tema\ASM\pwm.asm
        DELAY_200US_INNER   0x000034    program     static D:\Documents\Facultate\Anul IV\Microcontrollere\LAB7\tema\ASM\pwm.asm
              DELAY_400US   0x000037    program     static D:\Documents\Facultate\Anul IV\Microcontrollere\LAB7\tema\ASM\pwm.asm
        DELAY_400US_INNER   0x000039    program     static D:\Documents\Facultate\Anul IV\Microcontrollere\LAB7\tema\ASM\pwm.asm
              DELAY_600US   0x00003c    program     static D:\Documents\Facultate\Anul IV\Microcontrollere\LAB7\tema\ASM\pwm.asm
        DELAY_600US_INNER   0x00003e    program     static D:\Documents\Facultate\Anul IV\Microcontrollere\LAB7\tema\ASM\pwm.asm
              DELAY_800US   0x000041    program     static D:\Documents\Facultate\Anul IV\Microcontrollere\LAB7\tema\ASM\pwm.asm
        DELAY_800US_INNER   0x000043    program     static D:\Documents\Facultate\Anul IV\Microcontrollere\LAB7\tema\ASM\pwm.asm
                    PWM_0   0x000006    program     static D:\Documents\Facultate\Anul IV\Microcontrollere\LAB7\tema\ASM\pwm.asm
                    PWM_1   0x00002c    program     static D:\Documents\Facultate\Anul IV\Microcontrollere\LAB7\tema\ASM\pwm.asm
                  PWM_1_5   0x00000c    program     static D:\Documents\Facultate\Anul IV\Microcontrollere\LAB7\tema\ASM\pwm.asm
                  PWM_2_5   0x000014    program     static D:\Documents\Facultate\Anul IV\Microcontrollere\LAB7\tema\ASM\pwm.asm
                  PWM_3_5   0x00001c    program     static D:\Documents\Facultate\Anul IV\Microcontrollere\LAB7\tema\ASM\pwm.asm
                  PWM_4_5   0x000024    program     static D:\Documents\Facultate\Anul IV\Microcontrollere\LAB7\tema\ASM\pwm.asm
                     main   0x000000    program     static D:\Documents\Facultate\Anul IV\Microcontrollere\LAB7\tema\ASM\pwm.asm



                              Symbols - Sorted by Address
                     Name    Address   Location    Storage File                     
                ---------  ---------  ---------  --------- ---------                
                     main   0x000000    program     static D:\Documents\Facultate\Anul IV\Microcontrollere\LAB7\tema\ASM\pwm.asm
                    PWM_0   0x000006    program     static D:\Documents\Facultate\Anul IV\Microcontrollere\LAB7\tema\ASM\pwm.asm
                  PWM_1_5   0x00000c    program     static D:\Documents\Facultate\Anul IV\Microcontrollere\LAB7\tema\ASM\pwm.asm
                  PWM_2_5   0x000014    program     static D:\Documents\Facultate\Anul IV\Microcontrollere\LAB7\tema\ASM\pwm.asm
                  PWM_3_5   0x00001c    program     static D:\Documents\Facultate\Anul IV\Microcontrollere\LAB7\tema\ASM\pwm.asm
                  PWM_4_5   0x000024    program     static D:\Documents\Facultate\Anul IV\Microcontrollere\LAB7\tema\ASM\pwm.asm
                    PWM_1   0x00002c    program     static D:\Documents\Facultate\Anul IV\Microcontrollere\LAB7\tema\ASM\pwm.asm
              DELAY_200US   0x000032    program     static D:\Documents\Facultate\Anul IV\Microcontrollere\LAB7\tema\ASM\pwm.asm
        DELAY_200US_INNER   0x000034    program     static D:\Documents\Facultate\Anul IV\Microcontrollere\LAB7\tema\ASM\pwm.asm
              DELAY_400US   0x000037    program     static D:\Documents\Facultate\Anul IV\Microcontrollere\LAB7\tema\ASM\pwm.asm
        DELAY_400US_INNER   0x000039    program     static D:\Documents\Facultate\Anul IV\Microcontrollere\LAB7\tema\ASM\pwm.asm
              DELAY_600US   0x00003c    program     static D:\Documents\Facultate\Anul IV\Microcontrollere\LAB7\tema\ASM\pwm.asm
        DELAY_600US_INNER   0x00003e    program     static D:\Documents\Facultate\Anul IV\Microcontrollere\LAB7\tema\ASM\pwm.asm
              DELAY_800US   0x000041    program     static D:\Documents\Facultate\Anul IV\Microcontrollere\LAB7\tema\ASM\pwm.asm
        DELAY_800US_INNER   0x000043    program     static D:\Documents\Facultate\Anul IV\Microcontrollere\LAB7\tema\ASM\pwm.asm


